make: *** [all] 错误 2
[root@atguigu redis-3.2.5]# make distclean
cd src && make distclean
make[1]: 进入目录“/opt/redis-3.2.5/src”
rm -rf redis-server redis-sentinel redis-cli redis-benchmark redis-check-rdb redis-check-aof *.o *.gcda *.gcno *.gcov redis.info lcov-html
(cd ../deps && make distclean)
make[2]: 进入目录“/opt/redis-3.2.5/deps”
(cd hiredis && make clean) > /dev/null || true
(cd linenoise && make clean) > /dev/null || true
(cd lua && make clean) > /dev/null || true
(cd geohash-int && make clean) > /dev/null || true
(cd jemalloc && [ -f Makefile ] && make distclean) > /dev/null || true
(rm -f .make-*)
make[2]: 离开目录“/opt/redis-3.2.5/deps”
(rm -f .make-*)
make[1]: 离开目录“/opt/redis-3.2.5/src”
[root@atguigu redis-3.2.5]# make
cd src && make all
make[1]: 进入目录“/opt/redis-3.2.5/src”
rm -rf redis-server redis-sentinel redis-cli redis-benchmark redis-check-rdb redis-check-aof *.o *.gcda *.gcno *.gcov redis.info lcov-html
(cd ../deps && make distclean)
make[2]: 进入目录“/opt/redis-3.2.5/deps”
(cd hiredis && make clean) > /dev/null || true
(cd linenoise && make clean) > /dev/null || true
(cd lua && make clean) > /dev/null || true
(cd geohash-int && make clean) > /dev/null || true
(cd jemalloc && [ -f Makefile ] && make distclean) > /dev/null || true
(rm -f .make-*)
make[2]: 离开目录“/opt/redis-3.2.5/deps”
(rm -f .make-*)
echo STD=-std=c99 -pedantic -DREDIS_STATIC='' >> .make-settings
echo WARN=-Wall -W >> .make-settings
echo OPT=-O2 >> .make-settings
echo MALLOC=jemalloc >> .make-settings
echo CFLAGS= >> .make-settings
echo LDFLAGS= >> .make-settings
echo REDIS_CFLAGS= >> .make-settings
echo REDIS_LDFLAGS= >> .make-settings
echo PREV_FINAL_CFLAGS=-std=c99 -pedantic -DREDIS_STATIC='' -Wall -W -O2 -g -ggdb   -I../deps/geohash-int -I../deps/hiredis -I../deps/linenoise -I../deps/lua/src -DUSE_JEMALLOC -I../deps/jemalloc/include >> .make-settings
echo PREV_FINAL_LDFLAGS=  -g -ggdb -rdynamic >> .make-settings
(cd ../deps && make hiredis linenoise lua geohash-int jemalloc)
make[2]: 进入目录“/opt/redis-3.2.5/deps”
(cd hiredis && make clean) > /dev/null || true
(cd linenoise && make clean) > /dev/null || true
(cd lua && make clean) > /dev/null || true
(cd geohash-int && make clean) > /dev/null || true
(cd jemalloc && [ -f Makefile ] && make distclean) > /dev/null || true
(rm -f .make-*)
(echo "" > .make-cflags)
(echo "" > .make-ldflags)
MAKE hiredis
cd hiredis && make static
make[3]: 进入目录“/opt/redis-3.2.5/deps/hiredis”
cc -std=c99 -pedantic -c -O3 -fPIC  -Wall -W -Wstrict-prototypes -Wwrite-strings -g -ggdb  net.c
cc -std=c99 -pedantic -c -O3 -fPIC  -Wall -W -Wstrict-prototypes -Wwrite-strings -g -ggdb  hiredis.c
cc -std=c99 -pedantic -c -O3 -fPIC  -Wall -W -Wstrict-prototypes -Wwrite-strings -g -ggdb  sds.c
cc -std=c99 -pedantic -c -O3 -fPIC  -Wall -W -Wstrict-prototypes -Wwrite-strings -g -ggdb  async.c
ar rcs libhiredis.a net.o hiredis.o sds.o async.o
make[3]: 离开目录“/opt/redis-3.2.5/deps/hiredis”
MAKE linenoise
cd linenoise && make
make[3]: 进入目录“/opt/redis-3.2.5/deps/linenoise”
cc  -Wall -Os -g  -c linenoise.c
make[3]: 离开目录“/opt/redis-3.2.5/deps/linenoise”
MAKE lua
cd lua/src && make all CFLAGS="-O2 -Wall -DLUA_ANSI -DENABLE_CJSON_GLOBAL -DREDIS_STATIC='' " MYLDFLAGS="" AR="ar rcu"
make[3]: 进入目录“/opt/redis-3.2.5/deps/lua/src”
cc -O2 -Wall -DLUA_ANSI -DENABLE_CJSON_GLOBAL -DREDIS_STATIC=''    -c -o lapi.o lapi.c
cc -O2 -Wall -DLUA_ANSI -DENABLE_CJSON_GLOBAL -DREDIS_STATIC=''    -c -o lcode.o lcode.c
cc -O2 -Wall -DLUA_ANSI -DENABLE_CJSON_GLOBAL -DREDIS_STATIC=''    -c -o ldebug.o ldebug.c
cc -O2 -Wall -DLUA_ANSI -DENABLE_CJSON_GLOBAL -DREDIS_STATIC=''    -c -o ldo.o ldo.c
ldo.c: 在函数‘f_parser’中:
ldo.c:496:7: 警告：未使用的变量‘c’ [-Wunused-variable]
   int c = luaZ_lookahead(p->z);
       ^
cc -O2 -Wall -DLUA_ANSI -DENABLE_CJSON_GLOBAL -DREDIS_STATIC=''    -c -o ldump.o ldump.c
cc -O2 -Wall -DLUA_ANSI -DENABLE_CJSON_GLOBAL -DREDIS_STATIC=''    -c -o lfunc.o lfunc.c
cc -O2 -Wall -DLUA_ANSI -DENABLE_CJSON_GLOBAL -DREDIS_STATIC=''    -c -o lgc.o lgc.c
cc -O2 -Wall -DLUA_ANSI -DENABLE_CJSON_GLOBAL -DREDIS_STATIC=''    -c -o llex.o llex.c
cc -O2 -Wall -DLUA_ANSI -DENABLE_CJSON_GLOBAL -DREDIS_STATIC=''    -c -o lmem.o lmem.c
cc -O2 -Wall -DLUA_ANSI -DENABLE_CJSON_GLOBAL -DREDIS_STATIC=''    -c -o lobject.o lobject.c
cc -O2 -Wall -DLUA_ANSI -DENABLE_CJSON_GLOBAL -DREDIS_STATIC=''    -c -o lopcodes.o lopcodes.c
cc -O2 -Wall -DLUA_ANSI -DENABLE_CJSON_GLOBAL -DREDIS_STATIC=''    -c -o lparser.o lparser.c
cc -O2 -Wall -DLUA_ANSI -DENABLE_CJSON_GLOBAL -DREDIS_STATIC=''    -c -o lstate.o lstate.c
cc -O2 -Wall -DLUA_ANSI -DENABLE_CJSON_GLOBAL -DREDIS_STATIC=''    -c -o lstring.o lstring.c
cc -O2 -Wall -DLUA_ANSI -DENABLE_CJSON_GLOBAL -DREDIS_STATIC=''    -c -o ltable.o ltable.c
cc -O2 -Wall -DLUA_ANSI -DENABLE_CJSON_GLOBAL -DREDIS_STATIC=''    -c -o ltm.o ltm.c
cc -O2 -Wall -DLUA_ANSI -DENABLE_CJSON_GLOBAL -DREDIS_STATIC=''    -c -o lundump.o lundump.c
cc -O2 -Wall -DLUA_ANSI -DENABLE_CJSON_GLOBAL -DREDIS_STATIC=''    -c -o lvm.o lvm.c
cc -O2 -Wall -DLUA_ANSI -DENABLE_CJSON_GLOBAL -DREDIS_STATIC=''    -c -o lzio.o lzio.c
cc -O2 -Wall -DLUA_ANSI -DENABLE_CJSON_GLOBAL -DREDIS_STATIC=''    -c -o strbuf.o strbuf.c
cc -O2 -Wall -DLUA_ANSI -DENABLE_CJSON_GLOBAL -DREDIS_STATIC=''    -c -o fpconv.o fpconv.c
cc -O2 -Wall -DLUA_ANSI -DENABLE_CJSON_GLOBAL -DREDIS_STATIC=''    -c -o lauxlib.o lauxlib.c
cc -O2 -Wall -DLUA_ANSI -DENABLE_CJSON_GLOBAL -DREDIS_STATIC=''    -c -o lbaselib.o lbaselib.c
cc -O2 -Wall -DLUA_ANSI -DENABLE_CJSON_GLOBAL -DREDIS_STATIC=''    -c -o ldblib.o ldblib.c
cc -O2 -Wall -DLUA_ANSI -DENABLE_CJSON_GLOBAL -DREDIS_STATIC=''    -c -o liolib.o liolib.c
cc -O2 -Wall -DLUA_ANSI -DENABLE_CJSON_GLOBAL -DREDIS_STATIC=''    -c -o lmathlib.o lmathlib.c
cc -O2 -Wall -DLUA_ANSI -DENABLE_CJSON_GLOBAL -DREDIS_STATIC=''    -c -o loslib.o loslib.c
cc -O2 -Wall -DLUA_ANSI -DENABLE_CJSON_GLOBAL -DREDIS_STATIC=''    -c -o ltablib.o ltablib.c
cc -O2 -Wall -DLUA_ANSI -DENABLE_CJSON_GLOBAL -DREDIS_STATIC=''    -c -o lstrlib.o lstrlib.c
cc -O2 -Wall -DLUA_ANSI -DENABLE_CJSON_GLOBAL -DREDIS_STATIC=''    -c -o loadlib.o loadlib.c
cc -O2 -Wall -DLUA_ANSI -DENABLE_CJSON_GLOBAL -DREDIS_STATIC=''    -c -o linit.o linit.c
cc -O2 -Wall -DLUA_ANSI -DENABLE_CJSON_GLOBAL -DREDIS_STATIC=''    -c -o lua_cjson.o lua_cjson.c
cc -O2 -Wall -DLUA_ANSI -DENABLE_CJSON_GLOBAL -DREDIS_STATIC=''    -c -o lua_struct.o lua_struct.c
cc -O2 -Wall -DLUA_ANSI -DENABLE_CJSON_GLOBAL -DREDIS_STATIC=''    -c -o lua_cmsgpack.o lua_cmsgpack.c
cc -O2 -Wall -DLUA_ANSI -DENABLE_CJSON_GLOBAL -DREDIS_STATIC=''    -c -o lua_bit.o lua_bit.c
ar rcu liblua.a lapi.o lcode.o ldebug.o ldo.o ldump.o lfunc.o lgc.o llex.o lmem.o lobject.o lopcodes.o lparser.o lstate.o lstring.o ltable.o ltm.o lundump.o lvm.o lzio.o strbuf.o fpconv.o lauxlib.o lbaselib.o ldblib.o liolib.o lmathlib.o loslib.o ltablib.o lstrlib.o loadlib.o linit.o lua_cjson.o lua_struct.o lua_cmsgpack.o lua_bit.o	# DLL needs all object files
ranlib liblua.a
cc -O2 -Wall -DLUA_ANSI -DENABLE_CJSON_GLOBAL -DREDIS_STATIC=''    -c -o lua.o lua.c
cc -o lua  lua.o liblua.a -lm 
liblua.a(loslib.o)：在函数‘os_tmpname’中：
loslib.c:(.text+0x28c): 警告：the use of `tmpnam' is dangerous, better use `mkstemp'
cc -O2 -Wall -DLUA_ANSI -DENABLE_CJSON_GLOBAL -DREDIS_STATIC=''    -c -o luac.o luac.c
cc -O2 -Wall -DLUA_ANSI -DENABLE_CJSON_GLOBAL -DREDIS_STATIC=''    -c -o print.o print.c
cc -o luac  luac.o print.o liblua.a -lm 
make[3]: 离开目录“/opt/redis-3.2.5/deps/lua/src”
MAKE geohash-int
cd geohash-int && make
make[3]: 进入目录“/opt/redis-3.2.5/deps/geohash-int”
cc  -Wall -O2 -g  -c geohash.c
cc  -Wall -O2 -g  -c geohash_helper.c
make[3]: 离开目录“/opt/redis-3.2.5/deps/geohash-int”
MAKE jemalloc
cd jemalloc && ./configure --with-lg-quantum=3 --with-jemalloc-prefix=je_ --enable-cc-silence CFLAGS="-std=gnu99 -Wall -pipe -g3 -O3 -funroll-loops " LDFLAGS=""
checking for xsltproc... /usr/bin/xsltproc
checking for gcc... gcc
checking whether the C compiler works... yes
checking for C compiler default output file name... a.out
checking for suffix of executables... 
checking whether we are cross compiling... no
checking for suffix of object files... o
checking whether we are using the GNU C compiler... yes
checking whether gcc accepts -g... yes
checking for gcc option to accept ISO C89... none needed
checking how to run the C preprocessor... gcc -E
checking for grep that handles long lines and -e... /usr/bin/grep
checking for egrep... /usr/bin/grep -E
checking for ANSI C header files... yes
checking for sys/types.h... yes
checking for sys/stat.h... yes
checking for stdlib.h... yes
checking for string.h... yes
checking for memory.h... yes
checking for strings.h... yes
checking for inttypes.h... yes
checking for stdint.h... yes
checking for unistd.h... yes
checking whether byte ordering is bigendian... no
checking size of void *... 8
checking size of int... 4
checking size of long... 8
checking size of intmax_t... 8
checking build system type... x86_64-unknown-linux-gnu
checking host system type... x86_64-unknown-linux-gnu
checking whether pause instruction is compilable... yes
checking for ar... ar
checking malloc.h usability... yes
checking malloc.h presence... yes
checking for malloc.h... yes
checking whether malloc_usable_size definition can use const argument... no
checking whether __attribute__ syntax is compilable... yes
checking whether compiler supports -fvisibility=hidden... yes
checking whether compiler supports -Werror... yes
checking whether tls_model attribute is compilable... yes
checking whether compiler supports -Werror... yes
checking whether alloc_size attribute is compilable... yes
checking whether compiler supports -Werror... yes
checking whether format(gnu_printf, ...) attribute is compilable... yes
checking whether compiler supports -Werror... yes
checking whether format(printf, ...) attribute is compilable... yes
checking for a BSD-compatible install... /usr/bin/install -c
checking for ranlib... ranlib
checking for ld... /usr/bin/ld
checking for autoconf... false
checking for memalign... yes
checking for valloc... yes
checking configured backtracing method... N/A
checking for sbrk... yes
checking whether utrace(2) is compilable... no
checking whether valgrind is compilable... no
checking whether a program using __builtin_ffsl is compilable... yes
checking LG_PAGE... 12
checking pthread.h usability... yes
checking pthread.h presence... yes
checking for pthread.h... yes
checking for pthread_create in -lpthread... yes
checking for library containing clock_gettime... none required
checking for secure_getenv... yes
checking for issetugid... no
checking for _malloc_thread_cleanup... no
checking for _pthread_mutex_init_calloc_cb... no
checking for TLS... yes
checking whether C11 atomics is compilable... no
checking whether atomic(9) is compilable... no
checking whether Darwin OSAtomic*() is compilable... no
checking whether madvise(2) is compilable... yes
checking whether to force 32-bit __sync_{add,sub}_and_fetch()... no
checking whether to force 64-bit __sync_{add,sub}_and_fetch()... no
checking for __builtin_clz... yes
checking whether Darwin OSSpin*() is compilable... no
checking whether glibc malloc hook is compilable... yes
checking whether glibc memalign hook is compilable... yes
checking whether pthreads adaptive mutexes is compilable... yes
checking for stdbool.h that conforms to C99... yes
checking for _Bool... yes
configure: creating ./config.status
config.status: creating Makefile
config.status: creating jemalloc.pc
config.status: creating doc/html.xsl
config.status: creating doc/manpages.xsl
config.status: creating doc/jemalloc.xml
config.status: creating include/jemalloc/jemalloc_macros.h
config.status: creating include/jemalloc/jemalloc_protos.h
config.status: creating include/jemalloc/jemalloc_typedefs.h
config.status: creating include/jemalloc/internal/jemalloc_internal.h
config.status: creating test/test.sh
config.status: creating test/include/test/jemalloc_test.h
config.status: creating config.stamp
config.status: creating bin/jemalloc-config
config.status: creating bin/jemalloc.sh
config.status: creating bin/jeprof
config.status: creating include/jemalloc/jemalloc_defs.h
config.status: creating include/jemalloc/internal/jemalloc_internal_defs.h
config.status: creating test/include/test/jemalloc_test_defs.h
config.status: executing include/jemalloc/internal/private_namespace.h commands
config.status: executing include/jemalloc/internal/private_unnamespace.h commands
config.status: executing include/jemalloc/internal/public_symbols.txt commands
config.status: executing include/jemalloc/internal/public_namespace.h commands
config.status: executing include/jemalloc/internal/public_unnamespace.h commands
config.status: executing include/jemalloc/internal/size_classes.h commands
config.status: executing include/jemalloc/jemalloc_protos_jet.h commands
config.status: executing include/jemalloc/jemalloc_rename.h commands
config.status: executing include/jemalloc/jemalloc_mangle.h commands
config.status: executing include/jemalloc/jemalloc_mangle_jet.h commands
config.status: executing include/jemalloc/jemalloc.h commands
===============================================================================
jemalloc version   : 4.0.3-0-ge9192eacf8935e29fc62fddc2701f7942b1cc02c
library revision   : 2

CONFIG             : --with-lg-quantum=3 --with-jemalloc-prefix=je_ --enable-cc-silence 'CFLAGS=-std=gnu99 -Wall -pipe -g3 -O3 -funroll-loops ' LDFLAGS=
CC                 : gcc
CFLAGS             : -std=gnu99 -Wall -pipe -g3 -O3 -funroll-loops  -fvisibility=hidden
CPPFLAGS           :  -D_GNU_SOURCE -D_REENTRANT
LDFLAGS            : 
EXTRA_LDFLAGS      : 
LIBS               :  -lpthread
TESTLIBS           : 
RPATH_EXTRA        : 

XSLTPROC           : /usr/bin/xsltproc
XSLROOT            : 

PREFIX             : /usr/local
BINDIR             : /usr/local/bin
DATADIR            : /usr/local/share
INCLUDEDIR         : /usr/local/include
LIBDIR             : /usr/local/lib
MANDIR             : /usr/local/share/man

srcroot            : 
abs_srcroot        : /opt/redis-3.2.5/deps/jemalloc/
objroot            : 
abs_objroot        : /opt/redis-3.2.5/deps/jemalloc/

JEMALLOC_PREFIX    : je_
JEMALLOC_PRIVATE_NAMESPACE
                   : je_
install_suffix     : 
autogen            : 0
cc-silence         : 1
debug              : 0
code-coverage      : 0
stats              : 1
prof               : 0
prof-libunwind     : 0
prof-libgcc        : 0
prof-gcc           : 0
tcache             : 1
fill               : 1
utrace             : 0
valgrind           : 0
xmalloc            : 0
munmap             : 0
lazy_lock          : 0
tls                : 1
cache-oblivious    : 1
===============================================================================
cd jemalloc && make CFLAGS="-std=gnu99 -Wall -pipe -g3 -O3 -funroll-loops " LDFLAGS="" lib/libjemalloc.a
make[3]: 进入目录“/opt/redis-3.2.5/deps/jemalloc”
gcc -std=gnu99 -Wall -pipe -g3 -O3 -funroll-loops  -c -D_GNU_SOURCE -D_REENTRANT -Iinclude -Iinclude -o src/jemalloc.o src/jemalloc.c
gcc -std=gnu99 -Wall -pipe -g3 -O3 -funroll-loops  -c -D_GNU_SOURCE -D_REENTRANT -Iinclude -Iinclude -o src/arena.o src/arena.c
gcc -std=gnu99 -Wall -pipe -g3 -O3 -funroll-loops  -c -D_GNU_SOURCE -D_REENTRANT -Iinclude -Iinclude -o src/atomic.o src/atomic.c
gcc -std=gnu99 -Wall -pipe -g3 -O3 -funroll-loops  -c -D_GNU_SOURCE -D_REENTRANT -Iinclude -Iinclude -o src/base.o src/base.c
gcc -std=gnu99 -Wall -pipe -g3 -O3 -funroll-loops  -c -D_GNU_SOURCE -D_REENTRANT -Iinclude -Iinclude -o src/bitmap.o src/bitmap.c
gcc -std=gnu99 -Wall -pipe -g3 -O3 -funroll-loops  -c -D_GNU_SOURCE -D_REENTRANT -Iinclude -Iinclude -o src/chunk.o src/chunk.c
gcc -std=gnu99 -Wall -pipe -g3 -O3 -funroll-loops  -c -D_GNU_SOURCE -D_REENTRANT -Iinclude -Iinclude -o src/chunk_dss.o src/chunk_dss.c
gcc -std=gnu99 -Wall -pipe -g3 -O3 -funroll-loops  -c -D_GNU_SOURCE -D_REENTRANT -Iinclude -Iinclude -o src/chunk_mmap.o src/chunk_mmap.c
gcc -std=gnu99 -Wall -pipe -g3 -O3 -funroll-loops  -c -D_GNU_SOURCE -D_REENTRANT -Iinclude -Iinclude -o src/ckh.o src/ckh.c
gcc -std=gnu99 -Wall -pipe -g3 -O3 -funroll-loops  -c -D_GNU_SOURCE -D_REENTRANT -Iinclude -Iinclude -o src/ctl.o src/ctl.c
gcc -std=gnu99 -Wall -pipe -g3 -O3 -funroll-loops  -c -D_GNU_SOURCE -D_REENTRANT -Iinclude -Iinclude -o src/extent.o src/extent.c
gcc -std=gnu99 -Wall -pipe -g3 -O3 -funroll-loops  -c -D_GNU_SOURCE -D_REENTRANT -Iinclude -Iinclude -o src/hash.o src/hash.c
gcc -std=gnu99 -Wall -pipe -g3 -O3 -funroll-loops  -c -D_GNU_SOURCE -D_REENTRANT -Iinclude -Iinclude -o src/huge.o src/huge.c
gcc -std=gnu99 -Wall -pipe -g3 -O3 -funroll-loops  -c -D_GNU_SOURCE -D_REENTRANT -Iinclude -Iinclude -o src/mb.o src/mb.c
gcc -std=gnu99 -Wall -pipe -g3 -O3 -funroll-loops  -c -D_GNU_SOURCE -D_REENTRANT -Iinclude -Iinclude -o src/mutex.o src/mutex.c
gcc -std=gnu99 -Wall -pipe -g3 -O3 -funroll-loops  -c -D_GNU_SOURCE -D_REENTRANT -Iinclude -Iinclude -o src/pages.o src/pages.c
gcc -std=gnu99 -Wall -pipe -g3 -O3 -funroll-loops  -c -D_GNU_SOURCE -D_REENTRANT -Iinclude -Iinclude -o src/prof.o src/prof.c
gcc -std=gnu99 -Wall -pipe -g3 -O3 -funroll-loops  -c -D_GNU_SOURCE -D_REENTRANT -Iinclude -Iinclude -o src/quarantine.o src/quarantine.c
gcc -std=gnu99 -Wall -pipe -g3 -O3 -funroll-loops  -c -D_GNU_SOURCE -D_REENTRANT -Iinclude -Iinclude -o src/rtree.o src/rtree.c
gcc -std=gnu99 -Wall -pipe -g3 -O3 -funroll-loops  -c -D_GNU_SOURCE -D_REENTRANT -Iinclude -Iinclude -o src/stats.o src/stats.c
gcc -std=gnu99 -Wall -pipe -g3 -O3 -funroll-loops  -c -D_GNU_SOURCE -D_REENTRANT -Iinclude -Iinclude -o src/tcache.o src/tcache.c
gcc -std=gnu99 -Wall -pipe -g3 -O3 -funroll-loops  -c -D_GNU_SOURCE -D_REENTRANT -Iinclude -Iinclude -o src/util.o src/util.c
gcc -std=gnu99 -Wall -pipe -g3 -O3 -funroll-loops  -c -D_GNU_SOURCE -D_REENTRANT -Iinclude -Iinclude -o src/tsd.o src/tsd.c
ar crus lib/libjemalloc.a src/jemalloc.o src/arena.o src/atomic.o src/base.o src/bitmap.o src/chunk.o src/chunk_dss.o src/chunk_mmap.o src/ckh.o src/ctl.o src/extent.o src/hash.o src/huge.o src/mb.o src/mutex.o src/pages.o src/prof.o src/quarantine.o src/rtree.o src/stats.o src/tcache.o src/util.o src/tsd.o
make[3]: 离开目录“/opt/redis-3.2.5/deps/jemalloc”
make[2]: 离开目录“/opt/redis-3.2.5/deps”
    CC adlist.o
    CC quicklist.o
    CC ae.o
    CC anet.o
    CC dict.o
    CC server.o
    CC sds.o
    CC zmalloc.o
    CC lzf_c.o
    CC lzf_d.o
    CC pqsort.o
    CC zipmap.o
    CC sha1.o
    CC ziplist.o
    CC release.o
    CC networking.o
    CC util.o
    CC object.o
    CC db.o
    CC replication.o
    CC rdb.o
    CC t_string.o
    CC t_list.o
    CC t_set.o
    CC t_zset.o
    CC t_hash.o
    CC config.o
    CC aof.o
    CC pubsub.o
    CC multi.o
    CC debug.o
    CC sort.o
    CC intset.o
    CC syncio.o
    CC cluster.o
    CC crc16.o
    CC endianconv.o
    CC slowlog.o
    CC scripting.o
    CC bio.o
    CC rio.o
    CC rand.o
    CC memtest.o
    CC crc64.o
    CC bitops.o
    CC sentinel.o
    CC notify.o
    CC setproctitle.o
    CC blocked.o
    CC hyperloglog.o
    CC latency.o
    CC sparkline.o
    CC redis-check-rdb.o
    CC geo.o
    LINK redis-server
    INSTALL redis-sentinel
    CC redis-cli.o
    LINK redis-cli
    CC redis-benchmark.o
    LINK redis-benchmark
    INSTALL redis-check-rdb
    CC redis-check-aof.o
    LINK redis-check-aof

Hint: It's a good idea to run 'make test' ;)

make[1]: 离开目录“/opt/redis-3.2.5/src”
[root@atguigu redis-3.2.5]# make install
cd src && make install
make[1]: 进入目录“/opt/redis-3.2.5/src”

Hint: It's a good idea to run 'make test' ;)

    INSTALL install
    INSTALL install
    INSTALL install
    INSTALL install
    INSTALL install
make[1]: 离开目录“/opt/redis-3.2.5/src”
[root@atguigu redis-3.2.5]# cd /usr/local/bin
[root@atguigu bin]# ll
总用量 15060
-rwxr-xr-x. 1 root root 2432464 6月  29 10:57 redis-benchmark
-rwxr-xr-x. 1 root root   25168 6月  29 10:57 redis-check-aof
-rwxr-xr-x. 1 root root 5182944 6月  29 10:57 redis-check-rdb
-rwxr-xr-x. 1 root root 2585176 6月  29 10:57 redis-cli
lrwxrwxrwx. 1 root root      12 6月  29 10:57 redis-sentinel -> redis-server
-rwxr-xr-x. 1 root root 5182944 6月  29 10:57 redis-server
[root@atguigu bin]# cd /opt
[root@atguigu opt]# redis-server
9348:C 29 Jun 11:22:34.505 # Warning: no config file specified, using the default config. In order to specify a config file use redis-server /path/to/redis.conf
9348:M 29 Jun 11:22:34.506 * Increased maximum number of open files to 10032 (it was originally set to 1024).
                _._                                                  
           _.-``__ ''-._                                             
      _.-``    `.  `_.  ''-._           Redis 3.2.5 (00000000/0) 64 bit
  .-`` .-```.  ```\/    _.,_ ''-._                                   
 (    '      ,       .-`  | `,    )     Running in standalone mode
 |`-._`-...-` __...-.``-._|'` _.-'|     Port: 6379
 |    `-._   `._    /     _.-'    |     PID: 9348
  `-._    `-._  `-./  _.-'    _.-'                                   
 |`-._`-._    `-.__.-'    _.-'_.-'|                                  
 |    `-._`-._        _.-'_.-'    |           http://redis.io        
  `-._    `-._`-.__.-'_.-'    _.-'                                   
 |`-._`-._    `-.__.-'    _.-'_.-'|                                  
 |    `-._`-._        _.-'_.-'    |                                  
  `-._    `-._`-.__.-'_.-'    _.-'                                   
      `-._    `-.__.-'    _.-'                                       
          `-._        _.-'                                           
              `-.__.-'                                               

9348:M 29 Jun 11:22:34.523 # WARNING: The TCP backlog setting of 511 cannot be enforced because /proc/sys/net/core/somaxconn is set to the lower value of 128.
9348:M 29 Jun 11:22:34.524 # Server started, Redis version 3.2.5
9348:M 29 Jun 11:22:34.524 # WARNING overcommit_memory is set to 0! Background save may fail under low memory condition. To fix this issue add 'vm.overcommit_memory = 1' to /etc/sysctl.conf and then reboot or run the command 'sysctl vm.overcommit_memory=1' for this to take effect.
9348:M 29 Jun 11:22:34.524 # WARNING you have Transparent Huge Pages (THP) support enabled in your kernel. This will create latency and memory usage issues with Redis. To fix this issue run the command 'echo never > /sys/kernel/mm/transparent_hugepage/enabled' as root, and add it to your /etc/rc.local in order to retain the setting after a reboot. Redis must be restarted after THP is disabled.
9348:M 29 Jun 11:22:34.524 * The server is now ready to accept connections on port 6379
ssssss^H^H^C9348:signal-handler (1561778606) Received SIGINT scheduling shutdown...
9348:M 29 Jun 11:23:26.228 # User requested shutdown...
9348:M 29 Jun 11:23:26.228 * Saving the final RDB snapshot before exiting.
9348:M 29 Jun 11:23:26.232 * DB saved on disk
9348:M 29 Jun 11:23:26.232 # Redis is now ready to exit, bye bye...
[root@atguigu opt]# cd redis-3.2.5/
[root@atguigu redis-3.2.5]# ll
总用量 200
-rw-rw-r--.  1 root root 78892 10月 26 2016 00-RELEASENOTES
-rw-rw-r--.  1 root root    53 10月 26 2016 BUGS
-rw-rw-r--.  1 root root  1805 10月 26 2016 CONTRIBUTING
-rw-rw-r--.  1 root root  1487 10月 26 2016 COPYING
drwxrwxr-x.  7 root root  4096 6月  29 10:56 deps
-rw-rw-r--.  1 root root    11 10月 26 2016 INSTALL
-rw-rw-r--.  1 root root   151 10月 26 2016 Makefile
-rw-rw-r--.  1 root root  4223 10月 26 2016 MANIFESTO
-rw-rw-r--.  1 root root  6834 10月 26 2016 README.md
-rw-rw-r--.  1 root root 46695 10月 26 2016 redis.conf
-rwxrwxr-x.  1 root root   271 10月 26 2016 runtest
-rwxrwxr-x.  1 root root   280 10月 26 2016 runtest-cluster
-rwxrwxr-x.  1 root root   281 10月 26 2016 runtest-sentinel
-rw-rw-r--.  1 root root  7606 10月 26 2016 sentinel.conf
drwxrwxr-x.  2 root root  4096 6月  29 10:56 src
drwxrwxr-x. 10 root root  4096 10月 26 2016 tests
drwxrwxr-x.  7 root root  4096 10月 26 2016 utils
[root@atguigu redis-3.2.5]# mkdir /opt/myRedis
[root@atguigu redis-3.2.5]# cp redis.conf /opt/myRedis/redis.conf
[root@atguigu redis-3.2.5]# cd /opt/myRedis/
[root@atguigu myRedis]# ll
总用量 48
-rw-r--r--. 1 root root 46695 6月  29 11:29 redis.conf
[root@atguigu myRedis]# vim redis.conf 
[root@atguigu myRedis]# redis-server redis.conf 
[root@atguigu myRedis]# ps -ef | grep redis
root       9442      1  0 11:31 ?        00:00:00 redis-server 127.0.0.1:6379
root       9446   2724  0 11:31 pts/1    00:00:00 grep --color=auto redis
[root@atguigu myRedis]# redis-cli
127.0.0.1:6379> exit
[root@atguigu myRedis]# redis-cli -h 127.0.0.1 -p 6379
127.0.0.1:6379> 
[root@atguigu myRedis]# redis-cli
127.0.0.1:6379> ping
PONG
127.0.0.1:6379> ping
Could not connect to Redis at 127.0.0.1:6379: Connection refused
not connected> 
[root@atguigu myRedis]# redis-cli
127.0.0.1:6379> ping
PONG
127.0.0.1:6379> 
127.0.0.1:6379> shutdown
not connected> 
[root@atguigu myRedis]# redis-server redis.conf 
[root@atguigu myRedis]# redis-cli shutdown
[root@atguigu myRedis]# redis-server redis.conf 
[root@atguigu myRedis]# redis-cli
127.0.0.1:6379> set a a
OK
127.0.0.1:6379> get a
"a"
127.0.0.1:6379> select 1
OK
127.0.0.1:6379[1]> get a
(nil)
127.0.0.1:6379[1]> select 0
OK
127.0.0.1:6379> get a
"a"
127.0.0.1:6379> keys *
1) "a"
127.0.0.1:6379> exists a
(integer) 1
127.0.0.1:6379> exists aa
(integer) 0
127.0.0.1:6379> type a
string
127.0.0.1:6379> del a
(integer) 1
127.0.0.1:6379> keys *
(empty list or set)
127.0.0.1:6379> set a a
OK
127.0.0.1:6379> expire a 10
(integer) 1
127.0.0.1:6379> ttl a
(integer) -2
127.0.0.1:6379> expire a 10
(integer) 0
127.0.0.1:6379> ttl a
(integer) -2
127.0.0.1:6379> keys *
(empty list or set)
127.0.0.1:6379> set b b
OK
127.0.0.1:6379> expire b 10
(integer) 1
127.0.0.1:6379> ttl b
(integer) 7
127.0.0.1:6379> ttl b
(integer) 5
127.0.0.1:6379> ttl b
(integer) 4
127.0.0.1:6379> ttl b
(integer) 3
127.0.0.1:6379> ttl b
(integer) 3
127.0.0.1:6379> ttl b
(integer) 2
127.0.0.1:6379> ttl b
(integer) 2
127.0.0.1:6379> ttl b
(integer) 1
127.0.0.1:6379> ttl b
(integer) -2
127.0.0.1:6379> dbsize
(integer) 0
127.0.0.1:6379> set a a
OK
127.0.0.1:6379> dbsize
(integer) 1
127.0.0.1:6379> flushdb
OK
127.0.0.1:6379> keys *
(empty list or set)
127.0.0.1:6379> set k1 v1
OK
127.0.0.1:6379> get k1
"v1"
127.0.0.1:6379> append k1 234
(integer) 5
127.0.0.1:6379> get k1
"v1234"
127.0.0.1:6379> strlen k1
(integer) 5
127.0.0.1:6379> setnx k1 abc
(integer) 0
127.0.0.1:6379> get k1
"v1234"
127.0.0.1:6379> setnx k2 v2
(integer) 1
127.0.0.1:6379> get k2
"v2"
127.0.0.1:6379> incr k1
(error) ERR value is not an integer or out of range
127.0.0.1:6379> set k3 12
OK
127.0.0.1:6379> incr k3
(integer) 13
127.0.0.1:6379> decr k3
(integer) 12
127.0.0.1:6379> incrby k3 10
(integer) 22
127.0.0.1:6379> decrby k3 20
(integer) 2
127.0.0.1:6379> mset k4 v4 k5 v5
OK
127.0.0.1:6379> keys *
1) "k1"
2) "k5"
3) "k2"
4) "k3"
5) "k4"
127.0.0.1:6379> mget k1 k2 k3 
1) "v1234"
2) "v2"
3) "2"
127.0.0.1:6379> mgetll
(error) ERR unknown command 'mgetll'
127.0.0.1:6379> msetnx k1 v1 k6 v6
(integer) 0
127.0.0.1:6379> msetnx k6 v6 k7 v7
(integer) 1
127.0.0.1:6379> keys *
1) "k1"
2) "k5"
3) "k7"
4) "k2"
5) "k3"
6) "k4"
7) "k6"
127.0.0.1:6379> getrange k1 0 2
"v12"
127.0.0.1:6379> setrange k1 2 abc
(integer) 5
127.0.0.1:6379> get k1
"v1abc"
127.0.0.1:6379> setex a 10 a
OK
127.0.0.1:6379> ttl a
(integer) 3
127.0.0.1:6379> ttl a
(integer) -2
127.0.0.1:6379> keys *
1) "k1"
2) "k5"
3) "k7"
4) "k2"
5) "k3"
6) "k4"
7) "k6"
127.0.0.1:6379> getset k1 v1
"v1abc"
127.0.0.1:6379> flushall
OK
127.0.0.1:6379> lpush testList a b c d e
(integer) 5
127.0.0.1:6379> rpush testList 1 2 3 4 5
(integer) 10
127.0.0.1:6379> rpop testList
"5"
127.0.0.1:6379> lpop testList
"e"
127.0.0.1:6379> rpush testListTwo x y z
(integer) 3
127.0.0.1:6379> rpoplpush testList testListTwo
"4"
127.0.0.1:6379> lrange testList 0 -1
1) "d"
2) "c"
3) "b"
4) "a"
5) "1"
6) "2"
7) "3"
127.0.0.1:6379> lrange testListTwo 0 -1
1) "4"
2) "x"
3) "y"
4) "z"
127.0.0.1:6379> lindex testList -1
"3"
127.0.0.1:6379> llen testList
(integer) 7
127.0.0.1:6379> linsert testList before 1 xyz
(integer) 8
127.0.0.1:6379> lrange testList 0 -1
1) "d"
2) "c"
3) "b"
4) "a"
5) "xyz"
6) "1"
7) "2"
8) "3"
127.0.0.1:6379> lpush testList 1 2 3
(integer) 11
127.0.0.1:6379> lrange testList 0 -1
 1) "3"
 2) "2"
 3) "1"
 4) "d"
 5) "c"
 6) "b"
 7) "a"
 8) "xyz"
 9) "1"
10) "2"
11) "3"
127.0.0.1:6379> lrem testList 1 3
(integer) 1
127.0.0.1:6379> lrange testList 0 -1
 1) "2"
 2) "1"
 3) "d"
 4) "c"
 5) "b"
 6) "a"
 7) "xyz"
 8) "1"
 9) "2"
10) "3"
127.0.0.1:6379> lrem testList -1 2
(integer) 1
127.0.0.1:6379> lrange testList 0 -1
1) "2"
2) "1"
3) "d"
4) "c"
5) "b"
6) "a"
7) "xyz"
8) "1"
9) "3"
127.0.0.1:6379> lrem testList 0 1
(integer) 2
127.0.0.1:6379> lrange testList 0 -01
(error) ERR value is not an integer or out of range
127.0.0.1:6379> lrange testList 0 -1
1) "2"
2) "d"
3) "c"
4) "b"
5) "a"
6) "xyz"
7) "3"
127.0.0.1:6379> flushdb
OK
127.0.0.1:6379> sadd testSet1 a b c d e 1 2 3
(integer) 8
127.0.0.1:6379> SMEMBERS testSet1
1) "d"
2) "c"
3) "e"
4) "3"
5) "2"
6) "b"
7) "1"
8) "a"
127.0.0.1:6379> sismember testSet x
(integer) 0
127.0.0.1:6379> scard testSet1
(integer) 8
127.0.0.1:6379> srem testSet1 a 1
(integer) 2
127.0.0.1:6379> sismember testSet x
(integer) 0
127.0.0.1:6379> SMEMBERS testSet1
1) "c"
2) "e"
3) "3"
4) "2"
5) "b"
6) "d"
127.0.0.1:6379> spop testSet 1
(empty list or set)
127.0.0.1:6379> spop testSet1
"b"
127.0.0.1:6379> srandmember testSet1 3
1) "3"
2) "2"
3) "d"
127.0.0.1:6379> SMEMBERS testSet1
1) "c"
2) "e"
3) "3"
4) "2"
5) "d"
127.0.0.1:6379> sadd testSet1 1 2 3 4 5
(integer) 3
127.0.0.1:6379> sadd testSet2 a b c d e x y z
(integer) 8
127.0.0.1:6379> sinter testSet1 testSet2
1) "c"
2) "e"
3) "d"
127.0.0.1:6379> sunion testSet1 testSet2
 1) "e"
 2) "c"
 3) "b"
 4) "2"
 5) "1"
 6) "4"
 7) "x"
 8) "y"
 9) "5"
10) "z"
11) "3"
12) "a"
13) "d"
127.0.0.1:6379> sdiff testSet1 testSet2
1) "1"
2) "2"
3) "3"
4) "4"
5) "5"
127.0.0.1:6379> sdiff testSet2 testSet1
1) "z"
2) "b"
3) "a"
4) "y"
5) "x"
127.0.0.1:6379> hset userInfo user:1010:uid 1010
(integer) 1
127.0.0.1:6379> hmset userInfo user:1010:username admin user:1010:password 123456
OK
127.0.0.1:6379> hget userInfo user:1010:username
"admin"
127.0.0.1:6379> hexists userInfo user:1010:uid
(integer) 1
127.0.0.1:6379> hkeys userInfo
1) "user:1010:uid"
2) "user:1010:username"
3) "user:1010:password"
127.0.0.1:6379> hvals userInfo
1) "1010"
2) "admin"
3) "123456"
127.0.0.1:6379> hgetall userInfo
1) "user:1010:uid"
2) "1010"
3) "user:1010:username"
4) "admin"
5) "user:1010:password"
6) "123456"
127.0.0.1:6379> hset userInfo user:1010:age 25
(integer) 1
127.0.0.1:6379> hincrby userInfo user:1010:age 10
(integer) 35
127.0.0.1:6379> hincrby userInfo user:1010:age -10
(integer) 25
127.0.0.1:6379> hsetnx userInfo user:1010:age 25
(integer) 0
127.0.0.1:6379> hsetnx userInfo user:1010:sex 男
(integer) 1
127.0.0.1:6379> hgetall userInfo
 1) "user:1010:uid"
 2) "1010"
 3) "user:1010:username"
 4) "admin"
 5) "user:1010:password"
 6) "123456"
 7) "user:1010:age"
 8) "25"
 9) "user:1010:sex"
10) "\xe7\x94\xb7"
127.0.0.1:6379> shutdown
not connected> 
[root@atguigu myRedis]# redis-server redis.conf -auth

*** FATAL CONFIG FILE ERROR ***
Reading the configuration file, at line 1054
>>> '"-auth"'
Bad directive or wrong number of arguments
[root@atguigu myRedis]# redis-server -auth  redis.conf
11658:C 29 Jun 15:28:30.199 # Fatal error, can't open config file '-auth'
[root@atguigu myRedis]# redis-server redis.conf 
[root@atguigu myRedis]# redis-cli --raw
127.0.0.1:6379> hgetall userInfo
user:1010:uid
1010
user:1010:username
admin
user:1010:password
123456
user:1010:age
25
user:1010:sex
男
127.0.0.1:6379> 
[root@atguigu myRedis]# redis-cli
127.0.0.1:6379> hgetall userInfo
 1) "user:1010:uid"
 2) "1010"
 3) "user:1010:username"
 4) "admin"
 5) "user:1010:password"
 6) "123456"
 7) "user:1010:age"
 8) "25"
 9) "user:1010:sex"
10) "\xe7\x94\xb7"
127.0.0.1:6379> flushall
OK
127.0.0.1:6379> zadd testzSet 100 a 20 b 1 x 500 abc
(integer) 4
127.0.0.1:6379> zrange testzSet 0 -1
1) "x"
2) "b"
3) "a"
4) "abc"
127.0.0.1:6379> zadd testzSet 1000 x
(integer) 0
127.0.0.1:6379> zrange testzSet 0 -1
1) "b"
2) "a"
3) "abc"
4) "x"
127.0.0.1:6379> zadd testzSet 1000 xyz
(integer) 1
127.0.0.1:6379> zrange testzSet 0 -1
1) "b"
2) "a"
3) "abc"
4) "x"
5) "xyz"
127.0.0.1:6379> zrangebyscore testzSet 1 200
1) "b"
2) "a"
127.0.0.1:6379> zrangebyscore testzSet 100 100
1) "a"
127.0.0.1:6379> zrevrange testzSet 0 -1
1) "xyz"
2) "x"
3) "abc"
4) "a"
5) "b"
127.0.0.1:6379> zincrby testzSet 100 b
"120"
127.0.0.1:6379> zrevrange testzSet 0 -1
1) "xyz"
2) "x"
3) "abc"
4) "b"
5) "a"
127.0.0.1:6379> zadd test 100000 Java 80000 python 50000 php 120000 C++ 20000 jQuey
(integer) 5
127.0.0.1:6379> zrevrange test 0 -1
1) "C++"
2) "Java"
3) "python"
4) "php"
5) "jQuey"
127.0.0.1:6379> zrevrangebyscore test 100000 200000
(empty list or set)
127.0.0.1:6379> zrevrangebyscore test 200000 100000
1) "C++"
2) "Java"
127.0.0.1:6379> shutdown
not connected> 
[root@atguigu myRedis]# redis-server redis.conf 
[root@atguigu myRedis]# redis-cli
127.0.0.1:6379> keys *
1) "a"
2) "test"
3) "testzSet"
127.0.0.1:6379> get a
"a"
127.0.0.1:6379> get a
"abc"
127.0.0.1:6379> flushall
OK
127.0.0.1:6379> get Verify_code:12345:code
"216033"
127.0.0.1:6379> get Verify_code:12345:code
"192310"
127.0.0.1:6379> get Verify_code:12345:code
"823961"
127.0.0.1:6379> get Verify_code:12345:count
(nil)
127.0.0.1:6379> get Verify_code::count
"3"
127.0.0.1:6379> get Verify_code:12345:code
"194765"
127.0.0.1:6379> 
